Loading train-battery datasets ...
  NCA: 4461 samples
  NCM83116: 4101 samples
  NCM811_100: 3791 samples
  NCM811_60: 3111 samples
  NCM811_40: 2811 samples
  NCM811_20: 1811 samples
  NCM811_0: 1621 samples
  NCM811_FEC: 3461 samples
  NCM811_PS: 3551 samples
  NCM811_HC: 3001 samples
  NCM622: 3551 samples
Total: 35271
Split R reproduced: train 28216, val 7055
[C0] Epoch 1/50 - train_loss: 11.73760 - val_loss: 8.48811
[C0] Epoch 2/50 - train_loss: 5.43739 - val_loss: 2.43689
[C0] Epoch 3/50 - train_loss: 2.03967 - val_loss: 1.39403
[C0] Epoch 4/50 - train_loss: 1.44561 - val_loss: 1.08534
[C0] Epoch 5/50 - train_loss: 1.22198 - val_loss: 0.91190
[C0] Epoch 6/50 - train_loss: 1.05626 - val_loss: 0.78041
[C0] Epoch 7/50 - train_loss: 0.94961 - val_loss: 0.67456
[C0] Epoch 8/50 - train_loss: 0.86395 - val_loss: 0.61838
[C0] Epoch 9/50 - train_loss: 0.80827 - val_loss: 0.57218
[C0] Epoch 10/50 - train_loss: 0.76429 - val_loss: 0.52564
[C0] Epoch 11/50 - train_loss: 0.72650 - val_loss: 0.49431
[C0] Epoch 12/50 - train_loss: 0.70205 - val_loss: 0.47587
[C0] Epoch 13/50 - train_loss: 0.66903 - val_loss: 0.45040
[C0] Epoch 14/50 - train_loss: 0.64974 - val_loss: 0.43107
[C0] Epoch 15/50 - train_loss: 0.63292 - val_loss: 0.41465
[C0] Epoch 16/50 - train_loss: 0.61137 - val_loss: 0.39563
[C0] Epoch 17/50 - train_loss: 0.59388 - val_loss: 0.38112
[C0] Epoch 18/50 - train_loss: 0.58261 - val_loss: 0.36857
[C0] Epoch 19/50 - train_loss: 0.56648 - val_loss: 0.35890
[C0] Epoch 20/50 - train_loss: 0.54940 - val_loss: 0.34309
[C0] Epoch 21/50 - train_loss: 0.54002 - val_loss: 0.33221
[C0] Epoch 22/50 - train_loss: 0.52414 - val_loss: 0.32857
[C0] Epoch 23/50 - train_loss: 0.51319 - val_loss: 0.31540
[C0] Epoch 24/50 - train_loss: 0.51020 - val_loss: 0.31659
[C0] Epoch 25/50 - train_loss: 0.49888 - val_loss: 0.30063
[C0] Epoch 26/50 - train_loss: 0.48074 - val_loss: 0.28450
[C0] Epoch 27/50 - train_loss: 0.47157 - val_loss: 0.29565
[C0] Epoch 28/50 - train_loss: 0.46437 - val_loss: 0.27059
[C0] Epoch 29/50 - train_loss: 0.45760 - val_loss: 0.26266
[C0] Epoch 30/50 - train_loss: 0.44807 - val_loss: 0.25460
[C0] Epoch 31/50 - train_loss: 0.44007 - val_loss: 0.25034
[C0] Epoch 32/50 - train_loss: 0.43090 - val_loss: 0.25638
[C0] Epoch 33/50 - train_loss: 0.42204 - val_loss: 0.23006
[C0] Epoch 34/50 - train_loss: 0.41541 - val_loss: 0.22782
[C0] Epoch 35/50 - train_loss: 0.40758 - val_loss: 0.22959
[C0] Epoch 36/50 - train_loss: 0.40140 - val_loss: 0.21021
[C0] Epoch 37/50 - train_loss: 0.39008 - val_loss: 0.20883
[C0] Epoch 38/50 - train_loss: 0.38215 - val_loss: 0.20616
[C0] Epoch 39/50 - train_loss: 0.38237 - val_loss: 0.20040
[C0] Epoch 40/50 - train_loss: 0.37044 - val_loss: 0.20320
[C0] Epoch 41/50 - train_loss: 0.36753 - val_loss: 0.18566
[C0] Epoch 42/50 - train_loss: 0.36054 - val_loss: 0.18926
[C0] Epoch 43/50 - train_loss: 0.36054 - val_loss: 0.19561
[C0] Epoch 44/50 - train_loss: 0.35564 - val_loss: 0.18542
[C0] Epoch 45/50 - train_loss: 0.35051 - val_loss: 0.17183
[C0] Epoch 46/50 - train_loss: 0.34304 - val_loss: 0.18860
[C0] Epoch 47/50 - train_loss: 0.33404 - val_loss: 0.17082
[C0] Epoch 48/50 - train_loss: 0.32627 - val_loss: 0.16995
[C0] Epoch 49/50 - train_loss: 0.32597 - val_loss: 0.15957
[C0] Epoch 50/50 - train_loss: 0.32099 - val_loss: 0.14874
[C0] final-epoch val MSE = 0.1487 (152.6s)
C1-0.25C: buffer<0.25C keeps 11614/28216 train samples (41.2%)
[C1-0.25C] Epoch 1/50 - train_loss: 14.17327 - val_loss: 12.93628
[C1-0.25C] Epoch 2/50 - train_loss: 10.82304 - val_loss: 9.12052
[C1-0.25C] Epoch 3/50 - train_loss: 8.52100 - val_loss: 7.07289
[C1-0.25C] Epoch 4/50 - train_loss: 5.54561 - val_loss: 3.61965
[C1-0.25C] Epoch 5/50 - train_loss: 3.10295 - val_loss: 2.31083
[C1-0.25C] Epoch 6/50 - train_loss: 2.19794 - val_loss: 1.74800
[C1-0.25C] Epoch 7/50 - train_loss: 1.75363 - val_loss: 1.48332
[C1-0.25C] Epoch 8/50 - train_loss: 1.53653 - val_loss: 1.28561
[C1-0.25C] Epoch 9/50 - train_loss: 1.34995 - val_loss: 1.16986
[C1-0.25C] Epoch 10/50 - train_loss: 1.23638 - val_loss: 1.06790
[C1-0.25C] Epoch 11/50 - train_loss: 1.12900 - val_loss: 0.98450
[C1-0.25C] Epoch 12/50 - train_loss: 1.06084 - val_loss: 0.90353
[C1-0.25C] Epoch 13/50 - train_loss: 0.98559 - val_loss: 0.84861
[C1-0.25C] Epoch 14/50 - train_loss: 0.93321 - val_loss: 0.78267
[C1-0.25C] Epoch 15/50 - train_loss: 0.89374 - val_loss: 0.73179
[C1-0.25C] Epoch 16/50 - train_loss: 0.83047 - val_loss: 0.69518
[C1-0.25C] Epoch 17/50 - train_loss: 0.81613 - val_loss: 0.65829
[C1-0.25C] Epoch 18/50 - train_loss: 0.79510 - val_loss: 0.62985
[C1-0.25C] Epoch 19/50 - train_loss: 0.75772 - val_loss: 0.61434
[C1-0.25C] Epoch 20/50 - train_loss: 0.73026 - val_loss: 0.59590
[C1-0.25C] Epoch 21/50 - train_loss: 0.71874 - val_loss: 0.58594
[C1-0.25C] Epoch 22/50 - train_loss: 0.71447 - val_loss: 0.57397
[C1-0.25C] Epoch 23/50 - train_loss: 0.68396 - val_loss: 0.56185
[C1-0.25C] Epoch 24/50 - train_loss: 0.67376 - val_loss: 0.56593
[C1-0.25C] Epoch 25/50 - train_loss: 0.68042 - val_loss: 0.53835
[C1-0.25C] Epoch 26/50 - train_loss: 0.65720 - val_loss: 0.52952
[C1-0.25C] Epoch 27/50 - train_loss: 0.64805 - val_loss: 0.52253
[C1-0.25C] Epoch 28/50 - train_loss: 0.63628 - val_loss: 0.52859
[C1-0.25C] Epoch 29/50 - train_loss: 0.64167 - val_loss: 0.50678
[C1-0.25C] Epoch 30/50 - train_loss: 0.62702 - val_loss: 0.49830
[C1-0.25C] Epoch 31/50 - train_loss: 0.61554 - val_loss: 0.49125
[C1-0.25C] Epoch 32/50 - train_loss: 0.61106 - val_loss: 0.48224
[C1-0.25C] Epoch 33/50 - train_loss: 0.60757 - val_loss: 0.48142
[C1-0.25C] Epoch 34/50 - train_loss: 0.59955 - val_loss: 0.47181
[C1-0.25C] Epoch 35/50 - train_loss: 0.58545 - val_loss: 0.46061
[C1-0.25C] Epoch 36/50 - train_loss: 0.58710 - val_loss: 0.46610
[C1-0.25C] Epoch 37/50 - train_loss: 0.57983 - val_loss: 0.44779
[C1-0.25C] Epoch 38/50 - train_loss: 0.56729 - val_loss: 0.45001
[C1-0.25C] Epoch 39/50 - train_loss: 0.56278 - val_loss: 0.43952
[C1-0.25C] Epoch 40/50 - train_loss: 0.57574 - val_loss: 0.43305
[C1-0.25C] Epoch 41/50 - train_loss: 0.56129 - val_loss: 0.43332
[C1-0.25C] Epoch 42/50 - train_loss: 0.54329 - val_loss: 0.43920
[C1-0.25C] Epoch 43/50 - train_loss: 0.54975 - val_loss: 0.43129
[C1-0.25C] Epoch 44/50 - train_loss: 0.52972 - val_loss: 0.42166
[C1-0.25C] Epoch 45/50 - train_loss: 0.54410 - val_loss: 0.41505
[C1-0.25C] Epoch 46/50 - train_loss: 0.52549 - val_loss: 0.39448
[C1-0.25C] Epoch 47/50 - train_loss: 0.52026 - val_loss: 0.39344
[C1-0.25C] Epoch 48/50 - train_loss: 0.50976 - val_loss: 0.38725
[C1-0.25C] Epoch 49/50 - train_loss: 0.50205 - val_loss: 0.40246
[C1-0.25C] Epoch 50/50 - train_loss: 0.49955 - val_loss: 0.37488
[C1-0.25C] final-epoch val MSE = 0.3749 (73.7s)
[C1-0.25C-ctrl] Epoch 1/50 - train_loss: 13.98857 - val_loss: 12.99854
[C1-0.25C-ctrl] Epoch 2/50 - train_loss: 10.64489 - val_loss: 9.24942
[C1-0.25C-ctrl] Epoch 3/50 - train_loss: 8.45447 - val_loss: 7.42952
[C1-0.25C-ctrl] Epoch 4/50 - train_loss: 5.88889 - val_loss: 4.04494
[C1-0.25C-ctrl] Epoch 5/50 - train_loss: 3.25406 - val_loss: 2.33424
[C1-0.25C-ctrl] Epoch 6/50 - train_loss: 2.29683 - val_loss: 1.80013
[C1-0.25C-ctrl] Epoch 7/50 - train_loss: 1.84805 - val_loss: 1.46999
[C1-0.25C-ctrl] Epoch 8/50 - train_loss: 1.60863 - val_loss: 1.27841
[C1-0.25C-ctrl] Epoch 9/50 - train_loss: 1.44971 - val_loss: 1.16167
[C1-0.25C-ctrl] Epoch 10/50 - train_loss: 1.30858 - val_loss: 1.04733
[C1-0.25C-ctrl] Epoch 11/50 - train_loss: 1.22355 - val_loss: 0.97338
[C1-0.25C-ctrl] Epoch 12/50 - train_loss: 1.14932 - val_loss: 0.90514
[C1-0.25C-ctrl] Epoch 13/50 - train_loss: 1.09828 - val_loss: 0.83202
[C1-0.25C-ctrl] Epoch 14/50 - train_loss: 1.02837 - val_loss: 0.77849
[C1-0.25C-ctrl] Epoch 15/50 - train_loss: 0.97538 - val_loss: 0.72024
[C1-0.25C-ctrl] Epoch 16/50 - train_loss: 0.91287 - val_loss: 0.68332
[C1-0.25C-ctrl] Epoch 17/50 - train_loss: 0.89307 - val_loss: 0.64921
[C1-0.25C-ctrl] Epoch 18/50 - train_loss: 0.86485 - val_loss: 0.63016
[C1-0.25C-ctrl] Epoch 19/50 - train_loss: 0.82717 - val_loss: 0.59985
[C1-0.25C-ctrl] Epoch 20/50 - train_loss: 0.79661 - val_loss: 0.57807
[C1-0.25C-ctrl] Epoch 21/50 - train_loss: 0.79455 - val_loss: 0.56629
[C1-0.25C-ctrl] Epoch 22/50 - train_loss: 0.76939 - val_loss: 0.55433
[C1-0.25C-ctrl] Epoch 23/50 - train_loss: 0.75216 - val_loss: 0.54754
[C1-0.25C-ctrl] Epoch 24/50 - train_loss: 0.73589 - val_loss: 0.53557
[C1-0.25C-ctrl] Epoch 25/50 - train_loss: 0.73037 - val_loss: 0.52015
[C1-0.25C-ctrl] Epoch 26/50 - train_loss: 0.70501 - val_loss: 0.51322
[C1-0.25C-ctrl] Epoch 27/50 - train_loss: 0.70177 - val_loss: 0.50575
[C1-0.25C-ctrl] Epoch 28/50 - train_loss: 0.69580 - val_loss: 0.48093
[C1-0.25C-ctrl] Epoch 29/50 - train_loss: 0.68139 - val_loss: 0.47721
[C1-0.25C-ctrl] Epoch 30/50 - train_loss: 0.67687 - val_loss: 0.48404
[C1-0.25C-ctrl] Epoch 31/50 - train_loss: 0.67180 - val_loss: 0.45948
[C1-0.25C-ctrl] Epoch 32/50 - train_loss: 0.66069 - val_loss: 0.45011
[C1-0.25C-ctrl] Epoch 33/50 - train_loss: 0.64657 - val_loss: 0.45646
[C1-0.25C-ctrl] Epoch 34/50 - train_loss: 0.62808 - val_loss: 0.44175
[C1-0.25C-ctrl] Epoch 35/50 - train_loss: 0.63710 - val_loss: 0.43231
[C1-0.25C-ctrl] Epoch 36/50 - train_loss: 0.62513 - val_loss: 0.44199
[C1-0.25C-ctrl] Epoch 37/50 - train_loss: 0.61217 - val_loss: 0.41629
[C1-0.25C-ctrl] Epoch 38/50 - train_loss: 0.61237 - val_loss: 0.41972
[C1-0.25C-ctrl] Epoch 39/50 - train_loss: 0.60338 - val_loss: 0.40608
[C1-0.25C-ctrl] Epoch 40/50 - train_loss: 0.59148 - val_loss: 0.40362
[C1-0.25C-ctrl] Epoch 41/50 - train_loss: 0.59865 - val_loss: 0.39117
[C1-0.25C-ctrl] Epoch 42/50 - train_loss: 0.56948 - val_loss: 0.39835
[C1-0.25C-ctrl] Epoch 43/50 - train_loss: 0.58644 - val_loss: 0.38608
[C1-0.25C-ctrl] Epoch 44/50 - train_loss: 0.57167 - val_loss: 0.37454
[C1-0.25C-ctrl] Epoch 45/50 - train_loss: 0.56140 - val_loss: 0.37422
[C1-0.25C-ctrl] Epoch 46/50 - train_loss: 0.56152 - val_loss: 0.37260
[C1-0.25C-ctrl] Epoch 47/50 - train_loss: 0.55597 - val_loss: 0.36713
[C1-0.25C-ctrl] Epoch 48/50 - train_loss: 0.56203 - val_loss: 0.36117
[C1-0.25C-ctrl] Epoch 49/50 - train_loss: 0.54819 - val_loss: 0.35073
[C1-0.25C-ctrl] Epoch 50/50 - train_loss: 0.53944 - val_loss: 0.35458
[C1-0.25C-ctrl] final-epoch val MSE = 0.3546 (73.7s)
C1-0.5C: buffer<0.5C keeps 4805/28216 train samples (17.0%)
[C1-0.5C] Epoch 1/50 - train_loss: 14.40446 - val_loss: 14.17603
[C1-0.5C] Epoch 2/50 - train_loss: 14.16060 - val_loss: 13.64137
[C1-0.5C] Epoch 3/50 - train_loss: 12.90175 - val_loss: 11.36962
[C1-0.5C] Epoch 4/50 - train_loss: 10.62205 - val_loss: 9.75109
[C1-0.5C] Epoch 5/50 - train_loss: 9.54885 - val_loss: 9.01273
[C1-0.5C] Epoch 6/50 - train_loss: 8.81767 - val_loss: 8.32486
[C1-0.5C] Epoch 7/50 - train_loss: 8.00898 - val_loss: 7.34870
[C1-0.5C] Epoch 8/50 - train_loss: 6.78931 - val_loss: 5.91746
[C1-0.5C] Epoch 9/50 - train_loss: 5.20952 - val_loss: 4.35468
[C1-0.5C] Epoch 10/50 - train_loss: 3.75606 - val_loss: 3.30797
[C1-0.5C] Epoch 11/50 - train_loss: 2.95957 - val_loss: 2.69890
[C1-0.5C] Epoch 12/50 - train_loss: 2.47093 - val_loss: 2.29377
[C1-0.5C] Epoch 13/50 - train_loss: 2.11830 - val_loss: 2.00369
[C1-0.5C] Epoch 14/50 - train_loss: 1.84269 - val_loss: 1.80871
[C1-0.5C] Epoch 15/50 - train_loss: 1.69185 - val_loss: 1.63345
[C1-0.5C] Epoch 16/50 - train_loss: 1.55191 - val_loss: 1.53110
[C1-0.5C] Epoch 17/50 - train_loss: 1.41945 - val_loss: 1.42340
[C1-0.5C] Epoch 18/50 - train_loss: 1.32942 - val_loss: 1.33060
[C1-0.5C] Epoch 19/50 - train_loss: 1.25652 - val_loss: 1.26426
[C1-0.5C] Epoch 20/50 - train_loss: 1.20158 - val_loss: 1.21038
[C1-0.5C] Epoch 21/50 - train_loss: 1.12110 - val_loss: 1.15970
[C1-0.5C] Epoch 22/50 - train_loss: 1.10839 - val_loss: 1.11882
[C1-0.5C] Epoch 23/50 - train_loss: 1.06000 - val_loss: 1.07103
[C1-0.5C] Epoch 24/50 - train_loss: 1.01632 - val_loss: 1.03788
[C1-0.5C] Epoch 25/50 - train_loss: 0.98564 - val_loss: 1.01939
[C1-0.5C] Epoch 26/50 - train_loss: 0.94954 - val_loss: 0.97768
[C1-0.5C] Epoch 27/50 - train_loss: 0.93546 - val_loss: 0.94624
[C1-0.5C] Epoch 28/50 - train_loss: 0.88534 - val_loss: 0.91944
[C1-0.5C] Epoch 29/50 - train_loss: 0.87607 - val_loss: 0.91059
[C1-0.5C] Epoch 30/50 - train_loss: 0.84713 - val_loss: 0.87771
[C1-0.5C] Epoch 31/50 - train_loss: 0.83311 - val_loss: 0.85804
[C1-0.5C] Epoch 32/50 - train_loss: 0.82749 - val_loss: 0.84380
[C1-0.5C] Epoch 33/50 - train_loss: 0.78335 - val_loss: 0.81407
[C1-0.5C] Epoch 34/50 - train_loss: 0.75857 - val_loss: 0.79920
[C1-0.5C] Epoch 35/50 - train_loss: 0.76162 - val_loss: 0.78410
[C1-0.5C] Epoch 36/50 - train_loss: 0.73648 - val_loss: 0.76160
[C1-0.5C] Epoch 37/50 - train_loss: 0.71454 - val_loss: 0.75542
[C1-0.5C] Epoch 38/50 - train_loss: 0.71340 - val_loss: 0.73986
[C1-0.5C] Epoch 39/50 - train_loss: 0.69134 - val_loss: 0.72375
[C1-0.5C] Epoch 40/50 - train_loss: 0.70719 - val_loss: 0.71136
[C1-0.5C] Epoch 41/50 - train_loss: 0.67328 - val_loss: 0.69986
[C1-0.5C] Epoch 42/50 - train_loss: 0.66711 - val_loss: 0.68945
[C1-0.5C] Epoch 43/50 - train_loss: 0.65669 - val_loss: 0.68435
[C1-0.5C] Epoch 44/50 - train_loss: 0.67452 - val_loss: 0.69448
[C1-0.5C] Epoch 45/50 - train_loss: 0.64220 - val_loss: 0.66633
[C1-0.5C] Epoch 46/50 - train_loss: 0.63591 - val_loss: 0.65470
[C1-0.5C] Epoch 47/50 - train_loss: 0.61926 - val_loss: 0.64472
[C1-0.5C] Epoch 48/50 - train_loss: 0.63324 - val_loss: 0.64401
[C1-0.5C] Epoch 49/50 - train_loss: 0.59996 - val_loss: 0.63475
[C1-0.5C] Epoch 50/50 - train_loss: 0.61911 - val_loss: 0.62822
[C1-0.5C] final-epoch val MSE = 0.6282 (38.0s)
[C1-0.5C-ctrl] Epoch 1/50 - train_loss: 14.33028 - val_loss: 14.16889
[C1-0.5C-ctrl] Epoch 2/50 - train_loss: 14.07063 - val_loss: 13.61684
[C1-0.5C-ctrl] Epoch 3/50 - train_loss: 12.76713 - val_loss: 11.37998
[C1-0.5C-ctrl] Epoch 4/50 - train_loss: 10.60891 - val_loss: 9.83273
[C1-0.5C-ctrl] Epoch 5/50 - train_loss: 9.62442 - val_loss: 9.07146
[C1-0.5C-ctrl] Epoch 6/50 - train_loss: 8.89799 - val_loss: 8.38602
[C1-0.5C-ctrl] Epoch 7/50 - train_loss: 8.14686 - val_loss: 7.48402
[C1-0.5C-ctrl] Epoch 8/50 - train_loss: 7.06147 - val_loss: 6.14893
[C1-0.5C-ctrl] Epoch 9/50 - train_loss: 5.55963 - val_loss: 4.57698
[C1-0.5C-ctrl] Epoch 10/50 - train_loss: 4.16483 - val_loss: 3.38235
[C1-0.5C-ctrl] Epoch 11/50 - train_loss: 3.30531 - val_loss: 2.70543
[C1-0.5C-ctrl] Epoch 12/50 - train_loss: 2.78019 - val_loss: 2.28714
[C1-0.5C-ctrl] Epoch 13/50 - train_loss: 2.46429 - val_loss: 2.01160
[C1-0.5C-ctrl] Epoch 14/50 - train_loss: 2.23193 - val_loss: 1.80609
[C1-0.5C-ctrl] Epoch 15/50 - train_loss: 2.06365 - val_loss: 1.65335
[C1-0.5C-ctrl] Epoch 16/50 - train_loss: 1.88991 - val_loss: 1.53059
[C1-0.5C-ctrl] Epoch 17/50 - train_loss: 1.74134 - val_loss: 1.43967
[C1-0.5C-ctrl] Epoch 18/50 - train_loss: 1.64452 - val_loss: 1.34394
[C1-0.5C-ctrl] Epoch 19/50 - train_loss: 1.58011 - val_loss: 1.27792
[C1-0.5C-ctrl] Epoch 20/50 - train_loss: 1.49350 - val_loss: 1.20812
[C1-0.5C-ctrl] Epoch 21/50 - train_loss: 1.42462 - val_loss: 1.14959
[C1-0.5C-ctrl] Epoch 22/50 - train_loss: 1.36657 - val_loss: 1.09721
[C1-0.5C-ctrl] Epoch 23/50 - train_loss: 1.31585 - val_loss: 1.05159
[C1-0.5C-ctrl] Epoch 24/50 - train_loss: 1.28493 - val_loss: 1.01073
[C1-0.5C-ctrl] Epoch 25/50 - train_loss: 1.22985 - val_loss: 0.99445
[C1-0.5C-ctrl] Epoch 26/50 - train_loss: 1.16605 - val_loss: 0.93464
[C1-0.5C-ctrl] Epoch 27/50 - train_loss: 1.13331 - val_loss: 0.89319
[C1-0.5C-ctrl] Epoch 28/50 - train_loss: 1.12798 - val_loss: 0.86529
[C1-0.5C-ctrl] Epoch 29/50 - train_loss: 1.07195 - val_loss: 0.83842
[C1-0.5C-ctrl] Epoch 30/50 - train_loss: 1.07040 - val_loss: 0.81095
[C1-0.5C-ctrl] Epoch 31/50 - train_loss: 1.01317 - val_loss: 0.83404
[C1-0.5C-ctrl] Epoch 32/50 - train_loss: 0.98897 - val_loss: 0.75668
[C1-0.5C-ctrl] Epoch 33/50 - train_loss: 0.95739 - val_loss: 0.73682
[C1-0.5C-ctrl] Epoch 34/50 - train_loss: 0.94860 - val_loss: 0.71295
[C1-0.5C-ctrl] Epoch 35/50 - train_loss: 0.94239 - val_loss: 0.69358
[C1-0.5C-ctrl] Epoch 36/50 - train_loss: 0.88951 - val_loss: 0.67291
[C1-0.5C-ctrl] Epoch 37/50 - train_loss: 0.89434 - val_loss: 0.66094
[C1-0.5C-ctrl] Epoch 38/50 - train_loss: 0.86952 - val_loss: 0.67113
[C1-0.5C-ctrl] Epoch 39/50 - train_loss: 0.85852 - val_loss: 0.64370
[C1-0.5C-ctrl] Epoch 40/50 - train_loss: 0.86343 - val_loss: 0.64859
[C1-0.5C-ctrl] Epoch 41/50 - train_loss: 0.83816 - val_loss: 0.62827
[C1-0.5C-ctrl] Epoch 42/50 - train_loss: 0.82235 - val_loss: 0.60915
[C1-0.5C-ctrl] Epoch 43/50 - train_loss: 0.80436 - val_loss: 0.59854
[C1-0.5C-ctrl] Epoch 44/50 - train_loss: 0.78943 - val_loss: 0.58939
[C1-0.5C-ctrl] Epoch 45/50 - train_loss: 0.79680 - val_loss: 0.59766
[C1-0.5C-ctrl] Epoch 46/50 - train_loss: 0.78687 - val_loss: 0.57653
[C1-0.5C-ctrl] Epoch 47/50 - train_loss: 0.78614 - val_loss: 0.57385
[C1-0.5C-ctrl] Epoch 48/50 - train_loss: 0.76600 - val_loss: 0.58805
[C1-0.5C-ctrl] Epoch 49/50 - train_loss: 0.76348 - val_loss: 0.55866
[C1-0.5C-ctrl] Epoch 50/50 - train_loss: 0.74395 - val_loss: 0.57392
[C1-0.5C-ctrl] final-epoch val MSE = 0.5739 (36.1s)
C1a: buffer<1.0C keeps 524/28216 train samples (1.9%)
[C1a] Epoch 1/50 - train_loss: 15.68959 - val_loss: 14.28827
[C1a] Epoch 2/50 - train_loss: 15.68188 - val_loss: 14.27829
[C1a] Epoch 3/50 - train_loss: 15.67540 - val_loss: 14.26862
[C1a] Epoch 4/50 - train_loss: 15.67109 - val_loss: 14.25893
[C1a] Epoch 5/50 - train_loss: 15.65809 - val_loss: 14.24862
[C1a] Epoch 6/50 - train_loss: 15.65714 - val_loss: 14.23567
[C1a] Epoch 7/50 - train_loss: 15.65179 - val_loss: 14.22002
[C1a] Epoch 8/50 - train_loss: 15.62525 - val_loss: 14.20112
[C1a] Epoch 9/50 - train_loss: 15.61040 - val_loss: 14.17703
[C1a] Epoch 10/50 - train_loss: 15.58444 - val_loss: 14.14697
[C1a] Epoch 11/50 - train_loss: 15.56758 - val_loss: 14.11337
[C1a] Epoch 12/50 - train_loss: 15.54243 - val_loss: 14.07212
[C1a] Epoch 13/50 - train_loss: 15.49342 - val_loss: 14.02549
[C1a] Epoch 14/50 - train_loss: 15.45472 - val_loss: 13.96307
[C1a] Epoch 15/50 - train_loss: 15.38209 - val_loss: 13.88316
[C1a] Epoch 16/50 - train_loss: 15.32716 - val_loss: 13.78361
[C1a] Epoch 17/50 - train_loss: 15.22102 - val_loss: 13.65544
[C1a] Epoch 18/50 - train_loss: 15.08749 - val_loss: 13.49355
[C1a] Epoch 19/50 - train_loss: 14.93083 - val_loss: 13.29610
[C1a] Epoch 20/50 - train_loss: 14.72918 - val_loss: 13.05036
[C1a] Epoch 21/50 - train_loss: 14.50944 - val_loss: 12.77371
[C1a] Epoch 22/50 - train_loss: 14.19786 - val_loss: 12.44996
[C1a] Epoch 23/50 - train_loss: 13.90205 - val_loss: 12.07218
[C1a] Epoch 24/50 - train_loss: 13.54929 - val_loss: 11.66217
[C1a] Epoch 25/50 - train_loss: 13.12176 - val_loss: 11.24233
[C1a] Epoch 26/50 - train_loss: 12.69762 - val_loss: 10.81578
[C1a] Epoch 27/50 - train_loss: 12.31436 - val_loss: 10.44194
[C1a] Epoch 28/50 - train_loss: 11.96374 - val_loss: 10.15558
[C1a] Epoch 29/50 - train_loss: 11.70560 - val_loss: 9.93138
[C1a] Epoch 30/50 - train_loss: 11.50106 - val_loss: 9.75680
[C1a] Epoch 31/50 - train_loss: 11.23653 - val_loss: 9.62521
[C1a] Epoch 32/50 - train_loss: 11.07197 - val_loss: 9.51214
[C1a] Epoch 33/50 - train_loss: 11.00795 - val_loss: 9.40717
[C1a] Epoch 34/50 - train_loss: 10.87190 - val_loss: 9.30654
[C1a] Epoch 35/50 - train_loss: 10.68371 - val_loss: 9.22871
[C1a] Epoch 36/50 - train_loss: 10.67931 - val_loss: 9.14389
[C1a] Epoch 37/50 - train_loss: 10.57380 - val_loss: 9.04810
[C1a] Epoch 38/50 - train_loss: 10.42129 - val_loss: 8.97254
[C1a] Epoch 39/50 - train_loss: 10.33819 - val_loss: 8.89656
[C1a] Epoch 40/50 - train_loss: 10.13751 - val_loss: 8.81651
[C1a] Epoch 41/50 - train_loss: 10.09718 - val_loss: 8.74125
[C1a] Epoch 42/50 - train_loss: 10.05888 - val_loss: 8.66318
[C1a] Epoch 43/50 - train_loss: 9.87493 - val_loss: 8.58137
[C1a] Epoch 44/50 - train_loss: 9.80892 - val_loss: 8.50282
[C1a] Epoch 45/50 - train_loss: 9.60192 - val_loss: 8.42593
[C1a] Epoch 46/50 - train_loss: 9.53212 - val_loss: 8.32257
[C1a] Epoch 47/50 - train_loss: 9.42630 - val_loss: 8.23427
[C1a] Epoch 48/50 - train_loss: 9.25845 - val_loss: 8.16987
[C1a] Epoch 49/50 - train_loss: 9.15708 - val_loss: 8.08875
[C1a] Epoch 50/50 - train_loss: 8.96301 - val_loss: 7.97309
[C1a] final-epoch val MSE = 7.9731 (12.7s)
[C1a-ctrl] Epoch 1/50 - train_loss: 13.25683 - val_loss: 14.28604
[C1a-ctrl] Epoch 2/50 - train_loss: 13.23940 - val_loss: 14.27297
[C1a-ctrl] Epoch 3/50 - train_loss: 13.22291 - val_loss: 14.25965
[C1a-ctrl] Epoch 4/50 - train_loss: 13.21215 - val_loss: 14.24570
[C1a-ctrl] Epoch 5/50 - train_loss: 13.18959 - val_loss: 14.23016
[C1a-ctrl] Epoch 6/50 - train_loss: 13.16855 - val_loss: 14.21298
[C1a-ctrl] Epoch 7/50 - train_loss: 13.15048 - val_loss: 14.19491
[C1a-ctrl] Epoch 8/50 - train_loss: 13.12274 - val_loss: 14.17207
[C1a-ctrl] Epoch 9/50 - train_loss: 13.08945 - val_loss: 14.14338
[C1a-ctrl] Epoch 10/50 - train_loss: 13.05936 - val_loss: 14.11040
[C1a-ctrl] Epoch 11/50 - train_loss: 13.01820 - val_loss: 14.07020
[C1a-ctrl] Epoch 12/50 - train_loss: 12.95868 - val_loss: 14.02130
[C1a-ctrl] Epoch 13/50 - train_loss: 12.89946 - val_loss: 13.95612
[C1a-ctrl] Epoch 14/50 - train_loss: 12.81799 - val_loss: 13.87158
[C1a-ctrl] Epoch 15/50 - train_loss: 12.71872 - val_loss: 13.76723
[C1a-ctrl] Epoch 16/50 - train_loss: 12.57623 - val_loss: 13.63692
[C1a-ctrl] Epoch 17/50 - train_loss: 12.43540 - val_loss: 13.47331
[C1a-ctrl] Epoch 18/50 - train_loss: 12.19848 - val_loss: 13.26992
[C1a-ctrl] Epoch 19/50 - train_loss: 11.96232 - val_loss: 13.01683
[C1a-ctrl] Epoch 20/50 - train_loss: 11.65438 - val_loss: 12.71724
[C1a-ctrl] Epoch 21/50 - train_loss: 11.30078 - val_loss: 12.38548
[C1a-ctrl] Epoch 22/50 - train_loss: 10.91573 - val_loss: 12.05588
[C1a-ctrl] Epoch 23/50 - train_loss: 10.56050 - val_loss: 11.72818
[C1a-ctrl] Epoch 24/50 - train_loss: 10.26071 - val_loss: 11.43893
[C1a-ctrl] Epoch 25/50 - train_loss: 9.91394 - val_loss: 11.21151
[C1a-ctrl] Epoch 26/50 - train_loss: 9.70700 - val_loss: 11.02114
[C1a-ctrl] Epoch 27/50 - train_loss: 9.53939 - val_loss: 10.85857
[C1a-ctrl] Epoch 28/50 - train_loss: 9.44829 - val_loss: 10.70984
[C1a-ctrl] Epoch 29/50 - train_loss: 9.35791 - val_loss: 10.56857
[C1a-ctrl] Epoch 30/50 - train_loss: 9.17903 - val_loss: 10.43315
[C1a-ctrl] Epoch 31/50 - train_loss: 9.18873 - val_loss: 10.30673
[C1a-ctrl] Epoch 32/50 - train_loss: 9.02471 - val_loss: 10.19214
[C1a-ctrl] Epoch 33/50 - train_loss: 8.92270 - val_loss: 10.08429
[C1a-ctrl] Epoch 34/50 - train_loss: 8.77372 - val_loss: 9.96795
[C1a-ctrl] Epoch 35/50 - train_loss: 8.74215 - val_loss: 9.86812
[C1a-ctrl] Epoch 36/50 - train_loss: 8.63401 - val_loss: 9.77754
[C1a-ctrl] Epoch 37/50 - train_loss: 8.62682 - val_loss: 9.70084
[C1a-ctrl] Epoch 38/50 - train_loss: 8.55848 - val_loss: 9.65500
[C1a-ctrl] Epoch 39/50 - train_loss: 8.45729 - val_loss: 9.61488
[C1a-ctrl] Epoch 40/50 - train_loss: 8.49517 - val_loss: 9.53813
[C1a-ctrl] Epoch 41/50 - train_loss: 8.39940 - val_loss: 9.45710
[C1a-ctrl] Epoch 42/50 - train_loss: 8.27163 - val_loss: 9.38756
[C1a-ctrl] Epoch 43/50 - train_loss: 8.28045 - val_loss: 9.33222
[C1a-ctrl] Epoch 44/50 - train_loss: 8.14098 - val_loss: 9.30587
[C1a-ctrl] Epoch 45/50 - train_loss: 8.07858 - val_loss: 9.25867
[C1a-ctrl] Epoch 46/50 - train_loss: 8.12626 - val_loss: 9.20825
[C1a-ctrl] Epoch 47/50 - train_loss: 8.08312 - val_loss: 9.15443
[C1a-ctrl] Epoch 48/50 - train_loss: 7.98693 - val_loss: 9.08966
[C1a-ctrl] Epoch 49/50 - train_loss: 7.94082 - val_loss: 9.01780
[C1a-ctrl] Epoch 50/50 - train_loss: 7.98304 - val_loss: 8.95687
[C1a-ctrl] final-epoch val MSE = 8.9569 (12.7s)
[C2] Epoch 1/50 - train_loss: 12.20271 - val_loss: 8.78921
[C2] Epoch 2/50 - train_loss: 6.29869 - val_loss: 3.03217
[C2] Epoch 3/50 - train_loss: 2.38762 - val_loss: 1.53419
[C2] Epoch 4/50 - train_loss: 1.60887 - val_loss: 1.13030
[C2] Epoch 5/50 - train_loss: 1.29467 - val_loss: 0.91362
[C2] Epoch 6/50 - train_loss: 1.09614 - val_loss: 0.75562
[C2] Epoch 7/50 - train_loss: 0.96819 - val_loss: 0.64612
[C2] Epoch 8/50 - train_loss: 0.87914 - val_loss: 0.55813
[C2] Epoch 9/50 - train_loss: 0.79354 - val_loss: 0.50358
[C2] Epoch 10/50 - train_loss: 0.73865 - val_loss: 0.46906
[C2] Epoch 11/50 - train_loss: 0.71323 - val_loss: 0.49138
[C2] Epoch 12/50 - train_loss: 0.68217 - val_loss: 0.41068
[C2] Epoch 13/50 - train_loss: 0.65395 - val_loss: 0.40219
[C2] Epoch 14/50 - train_loss: 0.62852 - val_loss: 0.38173
[C2] Epoch 15/50 - train_loss: 0.62074 - val_loss: 0.35964
[C2] Epoch 16/50 - train_loss: 0.58896 - val_loss: 0.35184
[C2] Epoch 17/50 - train_loss: 0.57391 - val_loss: 0.33224
[C2] Epoch 18/50 - train_loss: 0.55753 - val_loss: 0.32003
[C2] Epoch 19/50 - train_loss: 0.54158 - val_loss: 0.32758
[C2] Epoch 20/50 - train_loss: 0.53073 - val_loss: 0.29781
[C2] Epoch 21/50 - train_loss: 0.51235 - val_loss: 0.30501
[C2] Epoch 22/50 - train_loss: 0.49312 - val_loss: 0.26848
[C2] Epoch 23/50 - train_loss: 0.48839 - val_loss: 0.25501
[C2] Epoch 24/50 - train_loss: 0.47292 - val_loss: 0.24416
[C2] Epoch 25/50 - train_loss: 0.45405 - val_loss: 0.23687
[C2] Epoch 26/50 - train_loss: 0.45362 - val_loss: 0.21842
[C2] Epoch 27/50 - train_loss: 0.43904 - val_loss: 0.21895
[C2] Epoch 28/50 - train_loss: 0.42228 - val_loss: 0.20073
[C2] Epoch 29/50 - train_loss: 0.41462 - val_loss: 0.20151
[C2] Epoch 30/50 - train_loss: 0.40146 - val_loss: 0.18768
[C2] Epoch 31/50 - train_loss: 0.39353 - val_loss: 0.18388
[C2] Epoch 32/50 - train_loss: 0.38340 - val_loss: 0.18462
[C2] Epoch 33/50 - train_loss: 0.37398 - val_loss: 0.16690
[C2] Epoch 34/50 - train_loss: 0.36958 - val_loss: 0.16019
[C2] Epoch 35/50 - train_loss: 0.36040 - val_loss: 0.15803
[C2] Epoch 36/50 - train_loss: 0.35292 - val_loss: 0.14877
[C2] Epoch 37/50 - train_loss: 0.34886 - val_loss: 0.14620
[C2] Epoch 38/50 - train_loss: 0.34166 - val_loss: 0.16972
[C2] Epoch 39/50 - train_loss: 0.33719 - val_loss: 0.13414
[C2] Epoch 40/50 - train_loss: 0.33151 - val_loss: 0.13409
[C2] Epoch 41/50 - train_loss: 0.32605 - val_loss: 0.13101
[C2] Epoch 42/50 - train_loss: 0.32370 - val_loss: 0.12659
[C2] Epoch 43/50 - train_loss: 0.31149 - val_loss: 0.12139
[C2] Epoch 44/50 - train_loss: 0.31705 - val_loss: 0.14954
[C2] Epoch 45/50 - train_loss: 0.31007 - val_loss: 0.12397
[C2] Epoch 46/50 - train_loss: 0.30118 - val_loss: 0.11085
[C2] Epoch 47/50 - train_loss: 0.29460 - val_loss: 0.11799
[C2] Epoch 48/50 - train_loss: 0.28962 - val_loss: 0.10888
[C2] Epoch 49/50 - train_loss: 0.29761 - val_loss: 0.10280
[C2] Epoch 50/50 - train_loss: 0.28844 - val_loss: 0.10439
[C2] LOO(NCM622) MSE = 3.9458 (152.4s)

==== SUMMARY ====
C0 baseline: 0.1487
C1-0.25C: val MSE 0.3749 (train n=11614)
C1-0.25C-ctrl: val MSE 0.3546 (train n=11614)
C1-0.5C: val MSE 0.6282 (train n=4805)
C1-0.5C-ctrl: val MSE 0.5739 (train n=4805)
C1a: val MSE 7.9731 (train n=524)
C1a-ctrl: val MSE 8.9569 (train n=524)
C1b (buffer<5C): INFEASIBLE, 0 train samples kept
C2 LOO(NCM622): MSE 3.9458
Total runtime: 552.2 s
